// Jest Snapshot v1, https://goo.gl/fbAQLP

exports[`SecondScreen renders correctly 1`] = `
<View
  style={
    {
      "alignItems": "center",
      "flex": 1,
      "justifyContent": "center",
    }
  }
>
  <Text
    style={
      {
        "color": "#333",
        "fontSize": 18,
      }
    }
  >
    This is the second screen (empty).
  </Text>
</View>
`;
